[1.210s] Invoking command in '/home/omer/teknofest_iha_2_gorev/build/teknofest_iha': DEBUGINFOD_URLS=ima:enforcing https://debuginfod.fedoraproject.org/ ima:ignore PS1=(.ros_venv) 
\[[1;36m\]~\[[0m\] via \[[1;33m\]🐍 \[[0m\]
\[[1;2;31m\]⬢ [ros2-jazzy]\[[0m\] \[[1;32m\]❯\[[0m\] PYTHONPATH=/home/omer/teknofest_iha_2_gorev/build/teknofest_iha/prefix_override:/usr/lib/python3/dist-packages/colcon_core/task/python/colcon_distutils_commands:/home/omer/teknofest_iha_2_gorev/install/teknofest_iha/lib/python3.12/site-packages:${PYTHONPATH} VIRTUAL_ENV_PROMPT=(.ros_venv) /usr/bin/python3 -W ignore:setup.py install is deprecated -W ignore:easy_install command is deprecated setup.py develop --editable --build-directory /home/omer/teknofest_iha_2_gorev/build/teknofest_iha/build --no-deps symlink_data
[1.556s] running develop
[1.751s] running egg_info
[1.751s] creating teknofest_iha.egg-info
[1.767s] writing teknofest_iha.egg-info/PKG-INFO
[1.768s] writing dependency_links to teknofest_iha.egg-info/dependency_links.txt
[1.768s] writing entry points to teknofest_iha.egg-info/entry_points.txt
[1.768s] writing requirements to teknofest_iha.egg-info/requires.txt
[1.768s] writing top-level names to teknofest_iha.egg-info/top_level.txt
[1.768s] writing manifest file 'teknofest_iha.egg-info/SOURCES.txt'
[1.811s] reading manifest file 'teknofest_iha.egg-info/SOURCES.txt'
[1.812s] writing manifest file 'teknofest_iha.egg-info/SOURCES.txt'
[1.834s] running build_ext
[1.835s] Creating /home/omer/teknofest_iha_2_gorev/install/teknofest_iha/lib/python3.12/site-packages/teknofest-iha.egg-link (link to .)
[1.835s] Installing camera_frame_repeater_node script to /home/omer/teknofest_iha_2_gorev/install/teknofest_iha/lib/teknofest_iha
[1.835s] Installing debug_viewer_node script to /home/omer/teknofest_iha_2_gorev/install/teknofest_iha/lib/teknofest_iha
[1.836s] Installing fusion_node script to /home/omer/teknofest_iha_2_gorev/install/teknofest_iha/lib/teknofest_iha
[1.836s] Installing mavlink_bridge_node script to /home/omer/teknofest_iha_2_gorev/install/teknofest_iha/lib/teknofest_iha
[1.836s] Installing mission_console_node script to /home/omer/teknofest_iha_2_gorev/install/teknofest_iha/lib/teknofest_iha
[1.836s] Installing mission_manager_node script to /home/omer/teknofest_iha_2_gorev/install/teknofest_iha/lib/teknofest_iha
[1.836s] Installing mission_video_recorder_node script to /home/omer/teknofest_iha_2_gorev/install/teknofest_iha/lib/teknofest_iha
[1.836s] Installing perception_node script to /home/omer/teknofest_iha_2_gorev/install/teknofest_iha/lib/teknofest_iha
[1.836s] Installing safety_monitor_node script to /home/omer/teknofest_iha_2_gorev/install/teknofest_iha/lib/teknofest_iha
[1.837s] 
[1.837s] Installed /home/omer/teknofest_iha_2_gorev/build/teknofest_iha
[1.837s] running symlink_data
[1.837s] creating /home/omer/teknofest_iha_2_gorev/install/teknofest_iha/share/ament_index
[1.837s] creating /home/omer/teknofest_iha_2_gorev/install/teknofest_iha/share/ament_index/resource_index
[1.837s] creating /home/omer/teknofest_iha_2_gorev/install/teknofest_iha/share/ament_index/resource_index/packages
[1.837s] symbolically linking /home/omer/teknofest_iha_2_gorev/build/teknofest_iha/resource/teknofest_iha -> /home/omer/teknofest_iha_2_gorev/install/teknofest_iha/share/ament_index/resource_index/packages
[1.837s] symbolically linking /home/omer/teknofest_iha_2_gorev/build/teknofest_iha/package.xml -> /home/omer/teknofest_iha_2_gorev/install/teknofest_iha/share/teknofest_iha
[1.837s] creating /home/omer/teknofest_iha_2_gorev/install/teknofest_iha/share/teknofest_iha/config
[1.837s] symbolically linking /home/omer/teknofest_iha_2_gorev/build/teknofest_iha/config/mission.yaml -> /home/omer/teknofest_iha_2_gorev/install/teknofest_iha/share/teknofest_iha/config
[1.837s] symbolically linking /home/omer/teknofest_iha_2_gorev/build/teknofest_iha/config/perception.yaml -> /home/omer/teknofest_iha_2_gorev/install/teknofest_iha/share/teknofest_iha/config
[1.838s] symbolically linking /home/omer/teknofest_iha_2_gorev/build/teknofest_iha/config/fusion.yaml -> /home/omer/teknofest_iha_2_gorev/install/teknofest_iha/share/teknofest_iha/config
[1.838s] symbolically linking /home/omer/teknofest_iha_2_gorev/build/teknofest_iha/config/mavlink.yaml -> /home/omer/teknofest_iha_2_gorev/install/teknofest_iha/share/teknofest_iha/config
[1.838s] symbolically linking /home/omer/teknofest_iha_2_gorev/build/teknofest_iha/config/mavlink_gcs_router.yaml -> /home/omer/teknofest_iha_2_gorev/install/teknofest_iha/share/teknofest_iha/config
[1.838s] creating /home/omer/teknofest_iha_2_gorev/install/teknofest_iha/share/teknofest_iha/launch
[1.838s] symbolically linking /home/omer/teknofest_iha_2_gorev/build/teknofest_iha/launch/perception.launch.py -> /home/omer/teknofest_iha_2_gorev/install/teknofest_iha/share/teknofest_iha/launch
[1.838s] symbolically linking /home/omer/teknofest_iha_2_gorev/build/teknofest_iha/launch/mission.launch.py -> /home/omer/teknofest_iha_2_gorev/install/teknofest_iha/share/teknofest_iha/launch
[1.838s] symbolically linking /home/omer/teknofest_iha_2_gorev/build/teknofest_iha/launch/field_mission.launch.py -> /home/omer/teknofest_iha_2_gorev/install/teknofest_iha/share/teknofest_iha/launch
[1.838s] symbolically linking /home/omer/teknofest_iha_2_gorev/build/teknofest_iha/launch/full_sim.launch.py -> /home/omer/teknofest_iha_2_gorev/install/teknofest_iha/share/teknofest_iha/launch
[1.838s] symbolically linking /home/omer/teknofest_iha_2_gorev/build/teknofest_iha/launch/camera_bridge.launch.py -> /home/omer/teknofest_iha_2_gorev/install/teknofest_iha/share/teknofest_iha/launch
[1.839s] symbolically linking /home/omer/teknofest_iha_2_gorev/build/teknofest_iha/launch/record_mission.launch.py -> /home/omer/teknofest_iha_2_gorev/install/teknofest_iha/share/teknofest_iha/launch
[1.839s] symbolically linking /home/omer/teknofest_iha_2_gorev/build/teknofest_iha/launch/obs_recording.launch.py -> /home/omer/teknofest_iha_2_gorev/install/teknofest_iha/share/teknofest_iha/launch
[1.839s] creating /home/omer/teknofest_iha_2_gorev/install/teknofest_iha/share/teknofest_iha/docs
[1.839s] symbolically linking /home/omer/teknofest_iha_2_gorev/build/teknofest_iha/docs/UNIX_MODULAR_ARCHITECTURE.md -> /home/omer/teknofest_iha_2_gorev/install/teknofest_iha/share/teknofest_iha/docs
[1.839s] symbolically linking /home/omer/teknofest_iha_2_gorev/build/teknofest_iha/docs/TOPICS_AND_CONTRACTS.md -> /home/omer/teknofest_iha_2_gorev/install/teknofest_iha/share/teknofest_iha/docs
[1.839s] symbolically linking /home/omer/teknofest_iha_2_gorev/build/teknofest_iha/docs/STATE_MACHINES.md -> /home/omer/teknofest_iha_2_gorev/install/teknofest_iha/share/teknofest_iha/docs
[1.839s] symbolically linking /home/omer/teknofest_iha_2_gorev/build/teknofest_iha/docs/CODE_REFERENCE.md -> /home/omer/teknofest_iha_2_gorev/install/teknofest_iha/share/teknofest_iha/docs
[1.839s] symbolically linking /home/omer/teknofest_iha_2_gorev/build/teknofest_iha/docs/REAL_UAV_READINESS_CHECKLIST.md -> /home/omer/teknofest_iha_2_gorev/install/teknofest_iha/share/teknofest_iha/docs
[1.839s] symbolically linking /home/omer/teknofest_iha_2_gorev/build/teknofest_iha/docs/GCS_MAVLINK_INTEGRATION.md -> /home/omer/teknofest_iha_2_gorev/install/teknofest_iha/share/teknofest_iha/docs
[1.888s] Invoked command in '/home/omer/teknofest_iha_2_gorev/build/teknofest_iha' returned '0': DEBUGINFOD_URLS=ima:enforcing https://debuginfod.fedoraproject.org/ ima:ignore PS1=(.ros_venv) 
\[[1;36m\]~\[[0m\] via \[[1;33m\]🐍 \[[0m\]
\[[1;2;31m\]⬢ [ros2-jazzy]\[[0m\] \[[1;32m\]❯\[[0m\] PYTHONPATH=/home/omer/teknofest_iha_2_gorev/build/teknofest_iha/prefix_override:/usr/lib/python3/dist-packages/colcon_core/task/python/colcon_distutils_commands:/home/omer/teknofest_iha_2_gorev/install/teknofest_iha/lib/python3.12/site-packages:${PYTHONPATH} VIRTUAL_ENV_PROMPT=(.ros_venv) /usr/bin/python3 -W ignore:setup.py install is deprecated -W ignore:easy_install command is deprecated setup.py develop --editable --build-directory /home/omer/teknofest_iha_2_gorev/build/teknofest_iha/build --no-deps symlink_data
