[1.153s] Invoking command in '/home/omer/teknofest_iha_2_gorev/build/teknofest_iha': DEBUGINFOD_URLS=ima:enforcing https://debuginfod.fedoraproject.org/ ima:ignore PS1=(.ros_venv) 
\[[1;36m\]~\[[0m\] via \[[1;33m\]🐍 \[[0m\]
\[[1;2;31m\]⬢ [ros2-jazzy]\[[0m\] \[[1;32m\]❯\[[0m\] PYTHONPATH=/home/omer/teknofest_iha_2_gorev/build/teknofest_iha/prefix_override:/usr/lib/python3/dist-packages/colcon_core/task/python/colcon_distutils_commands:/home/omer/teknofest_iha_2_gorev/install/teknofest_iha/lib/python3.12/site-packages:${PYTHONPATH} VIRTUAL_ENV_PROMPT=(.ros_venv) /usr/bin/python3 -W ignore:setup.py install is deprecated -W ignore:easy_install command is deprecated setup.py develop --editable --build-directory /home/omer/teknofest_iha_2_gorev/build/teknofest_iha/build --no-deps symlink_data
[1.467s] running develop
[1.664s] running egg_info
[1.683s] writing teknofest_iha.egg-info/PKG-INFO
[1.683s] writing dependency_links to teknofest_iha.egg-info/dependency_links.txt
[1.684s] writing entry points to teknofest_iha.egg-info/entry_points.txt
[1.684s] writing requirements to teknofest_iha.egg-info/requires.txt
[1.684s] writing top-level names to teknofest_iha.egg-info/top_level.txt
[1.721s] reading manifest file 'teknofest_iha.egg-info/SOURCES.txt'
[1.722s] writing manifest file 'teknofest_iha.egg-info/SOURCES.txt'
[1.746s] running build_ext
[1.747s] Creating /home/omer/teknofest_iha_2_gorev/install/teknofest_iha/lib/python3.12/site-packages/teknofest-iha.egg-link (link to .)
[1.747s] Installing camera_frame_repeater_node script to /home/omer/teknofest_iha_2_gorev/install/teknofest_iha/lib/teknofest_iha
[1.747s] Installing debug_viewer_node script to /home/omer/teknofest_iha_2_gorev/install/teknofest_iha/lib/teknofest_iha
[1.747s] Installing fusion_node script to /home/omer/teknofest_iha_2_gorev/install/teknofest_iha/lib/teknofest_iha
[1.747s] Installing mavlink_bridge_node script to /home/omer/teknofest_iha_2_gorev/install/teknofest_iha/lib/teknofest_iha
[1.747s] Installing mission_console_node script to /home/omer/teknofest_iha_2_gorev/install/teknofest_iha/lib/teknofest_iha
[1.747s] Installing mission_manager_node script to /home/omer/teknofest_iha_2_gorev/install/teknofest_iha/lib/teknofest_iha
[1.748s] Installing mission_video_recorder_node script to /home/omer/teknofest_iha_2_gorev/install/teknofest_iha/lib/teknofest_iha
[1.748s] Installing perception_node script to /home/omer/teknofest_iha_2_gorev/install/teknofest_iha/lib/teknofest_iha
[1.749s] Installing safety_monitor_node script to /home/omer/teknofest_iha_2_gorev/install/teknofest_iha/lib/teknofest_iha
[1.749s] 
[1.749s] Installed /home/omer/teknofest_iha_2_gorev/build/teknofest_iha
[1.749s] running symlink_data
[1.783s] Invoked command in '/home/omer/teknofest_iha_2_gorev/build/teknofest_iha' returned '0': DEBUGINFOD_URLS=ima:enforcing https://debuginfod.fedoraproject.org/ ima:ignore PS1=(.ros_venv) 
\[[1;36m\]~\[[0m\] via \[[1;33m\]🐍 \[[0m\]
\[[1;2;31m\]⬢ [ros2-jazzy]\[[0m\] \[[1;32m\]❯\[[0m\] PYTHONPATH=/home/omer/teknofest_iha_2_gorev/build/teknofest_iha/prefix_override:/usr/lib/python3/dist-packages/colcon_core/task/python/colcon_distutils_commands:/home/omer/teknofest_iha_2_gorev/install/teknofest_iha/lib/python3.12/site-packages:${PYTHONPATH} VIRTUAL_ENV_PROMPT=(.ros_venv) /usr/bin/python3 -W ignore:setup.py install is deprecated -W ignore:easy_install command is deprecated setup.py develop --editable --build-directory /home/omer/teknofest_iha_2_gorev/build/teknofest_iha/build --no-deps symlink_data
