[0.100s] DEBUG:colcon:Command line arguments: ['/usr/bin/colcon', 'build', '--symlink-install']
[0.100s] DEBUG:colcon:Parsed command line arguments: Namespace(log_base=None, log_level=None, verb_name='build', build_base='build', install_base='install', merge_install=False, symlink_install=True, test_result_base=None, continue_on_error=False, executor='parallel', parallel_workers=16, event_handlers=None, ignore_user_meta=False, metas=['./colcon.meta'], base_paths=['.'], packages_ignore=None, packages_ignore_regex=None, paths=None, packages_up_to=None, packages_up_to_regex=None, packages_above=None, packages_above_and_dependencies=None, packages_above_depth=None, packages_select_by_dep=None, packages_skip_by_dep=None, packages_skip_up_to=None, packages_select_build_failed=False, packages_skip_build_finished=False, packages_select_test_failures=False, packages_skip_test_passed=False, packages_select=None, packages_skip=None, packages_select_regex=None, packages_skip_regex=None, packages_start=None, packages_end=None, allow_overriding=[], cmake_args=None, cmake_target=None, cmake_target_skip_unavailable=False, cmake_clean_cache=False, cmake_clean_first=False, cmake_force_configure=False, ament_cmake_args=None, catkin_cmake_args=None, catkin_skip_building_tests=False, verb_parser=<colcon_defaults.argument_parser.defaults.DefaultArgumentsDecorator object at 0x7f9aa7b6e780>, verb_extension=<colcon_core.verb.build.BuildVerb object at 0x7f9aa7cc37d0>, main=<bound method BuildVerb.main of <colcon_core.verb.build.BuildVerb object at 0x7f9aa7cc37d0>>)
[0.138s] Level 1:colcon.colcon_core.package_discovery:discover_packages(colcon_meta) check parameters
[0.139s] Level 1:colcon.colcon_core.package_discovery:discover_packages(recursive) check parameters
[0.139s] Level 1:colcon.colcon_core.package_discovery:discover_packages(ignore) check parameters
[0.139s] Level 1:colcon.colcon_core.package_discovery:discover_packages(path) check parameters
[0.139s] Level 1:colcon.colcon_core.package_discovery:discover_packages(colcon_meta) discover
[0.139s] Level 1:colcon.colcon_core.package_discovery:discover_packages(recursive) discover
[0.139s] INFO:colcon.colcon_core.package_discovery:Crawling recursively for packages in '/home/omer/teknofest_iha_2_gorev'
[0.139s] Level 1:colcon.colcon_core.package_identification:_identify(.) by extensions ['ignore', 'ignore_ament_install']
[0.139s] Level 1:colcon.colcon_core.package_identification:_identify(.) by extension 'ignore'
[0.139s] Level 1:colcon.colcon_core.package_identification:_identify(.) by extension 'ignore_ament_install'
[0.139s] Level 1:colcon.colcon_core.package_identification:_identify(.) by extensions ['colcon_pkg']
[0.139s] Level 1:colcon.colcon_core.package_identification:_identify(.) by extension 'colcon_pkg'
[0.139s] Level 1:colcon.colcon_core.package_identification:_identify(.) by extensions ['colcon_meta']
[0.139s] Level 1:colcon.colcon_core.package_identification:_identify(.) by extension 'colcon_meta'
[0.139s] Level 1:colcon.colcon_core.package_identification:_identify(.) by extensions ['ros']
[0.139s] Level 1:colcon.colcon_core.package_identification:_identify(.) by extension 'ros'
[0.169s] DEBUG:colcon.colcon_core.package_identification:Package '.' with type 'ros.ament_python' and name 'teknofest_iha'
[0.169s] Level 1:colcon.colcon_core.package_discovery:discover_packages(recursive) using defaults
[0.169s] Level 1:colcon.colcon_core.package_discovery:discover_packages(ignore) discover
[0.169s] Level 1:colcon.colcon_core.package_discovery:discover_packages(ignore) using defaults
[0.169s] Level 1:colcon.colcon_core.package_discovery:discover_packages(path) discover
[0.169s] Level 1:colcon.colcon_core.package_discovery:discover_packages(path) using defaults
[0.185s] Level 1:colcon.colcon_core.package_discovery:discover_packages(prefix_path) check parameters
[0.185s] Level 1:colcon.colcon_core.package_discovery:discover_packages(prefix_path) discover
[0.187s] DEBUG:colcon.colcon_installed_package_information.package_discovery:Found 1 installed packages in /home/omer/teknofest_iha_2_gorev/install
[0.188s] DEBUG:colcon.colcon_installed_package_information.package_discovery:Found 319 installed packages in /opt/ros/jazzy
[0.189s] Level 1:colcon.colcon_core.package_discovery:discover_packages(prefix_path) using defaults
[0.235s] Level 5:colcon.colcon_core.verb:set package 'teknofest_iha' build argument 'cmake_args' from command line to 'None'
[0.236s] Level 5:colcon.colcon_core.verb:set package 'teknofest_iha' build argument 'cmake_target' from command line to 'None'
[0.236s] Level 5:colcon.colcon_core.verb:set package 'teknofest_iha' build argument 'cmake_target_skip_unavailable' from command line to 'False'
[0.236s] Level 5:colcon.colcon_core.verb:set package 'teknofest_iha' build argument 'cmake_clean_cache' from command line to 'False'
[0.236s] Level 5:colcon.colcon_core.verb:set package 'teknofest_iha' build argument 'cmake_clean_first' from command line to 'False'
[0.236s] Level 5:colcon.colcon_core.verb:set package 'teknofest_iha' build argument 'cmake_force_configure' from command line to 'False'
[0.236s] Level 5:colcon.colcon_core.verb:set package 'teknofest_iha' build argument 'ament_cmake_args' from command line to 'None'
[0.236s] Level 5:colcon.colcon_core.verb:set package 'teknofest_iha' build argument 'catkin_cmake_args' from command line to 'None'
[0.236s] Level 5:colcon.colcon_core.verb:set package 'teknofest_iha' build argument 'catkin_skip_building_tests' from command line to 'False'
[0.236s] DEBUG:colcon.colcon_core.verb:Building package 'teknofest_iha' with the following arguments: {'ament_cmake_args': None, 'build_base': '/home/omer/teknofest_iha_2_gorev/build/teknofest_iha', 'catkin_cmake_args': None, 'catkin_skip_building_tests': False, 'cmake_args': None, 'cmake_clean_cache': False, 'cmake_clean_first': False, 'cmake_force_configure': False, 'cmake_target': None, 'cmake_target_skip_unavailable': False, 'install_base': '/home/omer/teknofest_iha_2_gorev/install/teknofest_iha', 'merge_install': False, 'path': '/home/omer/teknofest_iha_2_gorev', 'symlink_install': True, 'test_result_base': None}
[0.236s] INFO:colcon.colcon_core.executor:Executing jobs using 'parallel' executor
[0.237s] DEBUG:colcon.colcon_parallel_executor.executor.parallel:run_until_complete
[0.237s] INFO:colcon.colcon_ros.task.ament_python.build:Building ROS package in '/home/omer/teknofest_iha_2_gorev' with build type 'ament_python'
[0.237s] Level 1:colcon.colcon_core.shell:create_environment_hook('teknofest_iha', 'ament_prefix_path')
[0.239s] INFO:colcon.colcon_core.plugin_system:Skipping extension 'colcon_core.shell.bat': Not used on non-Windows systems
[0.239s] INFO:colcon.colcon_core.shell:Creating environment hook '/home/omer/teknofest_iha_2_gorev/install/teknofest_iha/share/teknofest_iha/hook/ament_prefix_path.ps1'
[0.239s] INFO:colcon.colcon_core.shell:Creating environment descriptor '/home/omer/teknofest_iha_2_gorev/install/teknofest_iha/share/teknofest_iha/hook/ament_prefix_path.dsv'
[0.240s] INFO:colcon.colcon_core.shell:Creating environment hook '/home/omer/teknofest_iha_2_gorev/install/teknofest_iha/share/teknofest_iha/hook/ament_prefix_path.sh'
[0.240s] INFO:colcon.colcon_core.shell:Skip shell extension 'powershell' for command environment: Not usable outside of PowerShell
[0.240s] DEBUG:colcon.colcon_core.shell:Skip shell extension 'dsv' for command environment
[0.467s] INFO:colcon.colcon_core.task.python.build:Building Python package in '/home/omer/teknofest_iha_2_gorev'
[0.468s] INFO:colcon.colcon_core.shell:Skip shell extension 'powershell' for command environment: Not usable outside of PowerShell
[0.468s] DEBUG:colcon.colcon_core.shell:Skip shell extension 'dsv' for command environment
[1.074s] DEBUG:colcon.colcon_core.task.python.build:Available setuptools commands: update_catalog, develop, symlink_data, install_headers, install_scripts, install_lib, check, bdist, register, rotate, easy_install, extract_messages, bdist_egg, upload, clean, editable_wheel, init_catalog, install, setopt, build_clib, upload_docs, bdist_wheel, compile_catalog, install_data, alias, install_egg_info, bdist_dumb, build, bdist_rpm, egg_info, build_py, saveopts, sdist, build_scripts, dist_info, test, build_ext
[1.426s] DEBUG:colcon.colcon_core.task.python.build:Available setuptools 'develop' options: --always-copy, --always-unzip, --exclude-scripts, --site-dirs, --user, --record, --build-directory, --no-deps, --prefix, --install-layout, --find-links, --help, --verbose, --uninstall, --no-find-links, --version, --egg-path, --install-dir, --script-dir, --index-url, --local-snapshots-ok, --allow-hosts, --zip-ok, --no-user-cfg, --dry-run, --optimize, --multi-version, --editable, --force-installation-into-system-dir, --quiet, --upgrade
[1.429s] DEBUG:colcon.colcon_core.event_handler.log_command:Invoking command in '/home/omer/teknofest_iha_2_gorev/build/teknofest_iha': DEBUGINFOD_URLS=ima:enforcing https://debuginfod.fedoraproject.org/ ima:ignore PS1=(.ros_venv) 
\[[1;36m\]~\[[0m\] via \[[1;33m\]🐍 \[[0m\]
\[[1;2;31m\]⬢ [ros2-jazzy]\[[0m\] \[[1;32m\]❯\[[0m\] PYTHONPATH=/home/omer/teknofest_iha_2_gorev/build/teknofest_iha/prefix_override:/usr/lib/python3/dist-packages/colcon_core/task/python/colcon_distutils_commands:/home/omer/teknofest_iha_2_gorev/install/teknofest_iha/lib/python3.12/site-packages:${PYTHONPATH} VIRTUAL_ENV_PROMPT=(.ros_venv) /usr/bin/python3 -W ignore:setup.py install is deprecated -W ignore:easy_install command is deprecated setup.py develop --editable --build-directory /home/omer/teknofest_iha_2_gorev/build/teknofest_iha/build --no-deps symlink_data
[2.085s] Level 1:colcon.colcon_core.shell:create_environment_hook('teknofest_iha', 'pythonpath_develop')
[2.085s] INFO:colcon.colcon_core.shell:Creating environment hook '/home/omer/teknofest_iha_2_gorev/build/teknofest_iha/share/teknofest_iha/hook/pythonpath_develop.ps1'
[2.086s] DEBUG:colcon.colcon_core.event_handler.log_command:Invoked command in '/home/omer/teknofest_iha_2_gorev/build/teknofest_iha' returned '0': DEBUGINFOD_URLS=ima:enforcing https://debuginfod.fedoraproject.org/ ima:ignore PS1=(.ros_venv) 
\[[1;36m\]~\[[0m\] via \[[1;33m\]🐍 \[[0m\]
\[[1;2;31m\]⬢ [ros2-jazzy]\[[0m\] \[[1;32m\]❯\[[0m\] PYTHONPATH=/home/omer/teknofest_iha_2_gorev/build/teknofest_iha/prefix_override:/usr/lib/python3/dist-packages/colcon_core/task/python/colcon_distutils_commands:/home/omer/teknofest_iha_2_gorev/install/teknofest_iha/lib/python3.12/site-packages:${PYTHONPATH} VIRTUAL_ENV_PROMPT=(.ros_venv) /usr/bin/python3 -W ignore:setup.py install is deprecated -W ignore:easy_install command is deprecated setup.py develop --editable --build-directory /home/omer/teknofest_iha_2_gorev/build/teknofest_iha/build --no-deps symlink_data
[2.086s] INFO:colcon.colcon_core.shell:Creating environment descriptor '/home/omer/teknofest_iha_2_gorev/build/teknofest_iha/share/teknofest_iha/hook/pythonpath_develop.dsv'
[2.087s] INFO:colcon.colcon_core.shell:Creating environment hook '/home/omer/teknofest_iha_2_gorev/build/teknofest_iha/share/teknofest_iha/hook/pythonpath_develop.sh'
[2.090s] Level 1:colcon.colcon_core.environment:checking '/home/omer/teknofest_iha_2_gorev/install/teknofest_iha' for CMake module files
[2.090s] Level 1:colcon.colcon_core.environment:checking '/home/omer/teknofest_iha_2_gorev/install/teknofest_iha' for CMake config files
[2.091s] Level 1:colcon.colcon_core.environment:checking '/home/omer/teknofest_iha_2_gorev/install/teknofest_iha/lib'
[2.091s] Level 1:colcon.colcon_core.environment:checking '/home/omer/teknofest_iha_2_gorev/install/teknofest_iha/bin'
[2.091s] Level 1:colcon.colcon_core.environment:checking '/home/omer/teknofest_iha_2_gorev/install/teknofest_iha/lib/pkgconfig/teknofest_iha.pc'
[2.092s] Level 1:colcon.colcon_core.environment:checking '/home/omer/teknofest_iha_2_gorev/install/teknofest_iha/lib/python3.12/site-packages'
[2.092s] Level 1:colcon.colcon_core.shell:create_environment_hook('teknofest_iha', 'pythonpath')
[2.092s] INFO:colcon.colcon_core.shell:Creating environment hook '/home/omer/teknofest_iha_2_gorev/install/teknofest_iha/share/teknofest_iha/hook/pythonpath.ps1'
[2.093s] INFO:colcon.colcon_core.shell:Creating environment descriptor '/home/omer/teknofest_iha_2_gorev/install/teknofest_iha/share/teknofest_iha/hook/pythonpath.dsv'
[2.093s] INFO:colcon.colcon_core.shell:Creating environment hook '/home/omer/teknofest_iha_2_gorev/install/teknofest_iha/share/teknofest_iha/hook/pythonpath.sh'
[2.094s] Level 1:colcon.colcon_core.environment:checking '/home/omer/teknofest_iha_2_gorev/install/teknofest_iha/bin'
[2.094s] Level 1:colcon.colcon_core.environment:create_environment_scripts_only(teknofest_iha)
[2.094s] INFO:colcon.colcon_core.shell:Creating package script '/home/omer/teknofest_iha_2_gorev/install/teknofest_iha/share/teknofest_iha/package.ps1'
[2.096s] INFO:colcon.colcon_core.shell:Creating package descriptor '/home/omer/teknofest_iha_2_gorev/install/teknofest_iha/share/teknofest_iha/package.dsv'
[2.096s] INFO:colcon.colcon_core.shell:Creating package script '/home/omer/teknofest_iha_2_gorev/install/teknofest_iha/share/teknofest_iha/package.sh'
[2.097s] INFO:colcon.colcon_core.shell:Creating package script '/home/omer/teknofest_iha_2_gorev/install/teknofest_iha/share/teknofest_iha/package.bash'
[2.098s] INFO:colcon.colcon_core.shell:Creating package script '/home/omer/teknofest_iha_2_gorev/install/teknofest_iha/share/teknofest_iha/package.zsh'
[2.098s] Level 1:colcon.colcon_core.environment:create_file_with_runtime_dependencies(/home/omer/teknofest_iha_2_gorev/install/teknofest_iha/share/colcon-core/packages/teknofest_iha)
[2.098s] DEBUG:colcon.colcon_parallel_executor.executor.parallel:closing loop
[2.099s] DEBUG:colcon.colcon_parallel_executor.executor.parallel:loop closed
[2.099s] DEBUG:colcon.colcon_parallel_executor.executor.parallel:run_until_complete finished with '0'
[2.099s] DEBUG:colcon.colcon_core.event_reactor:joining thread
[2.104s] INFO:colcon.colcon_core.plugin_system:Skipping extension 'colcon_notification.desktop_notification.notify_send': Could not find 'notify-send'
[2.104s] INFO:colcon.colcon_core.plugin_system:Skipping extension 'colcon_notification.desktop_notification.terminal_notifier': Not used on non-Darwin systems
[2.104s] INFO:colcon.colcon_core.plugin_system:Skipping extension 'colcon_notification.desktop_notification.win32': Not used on non-Windows systems
[2.104s] INFO:colcon.colcon_notification.desktop_notification:Sending desktop notification using 'notify2'
[2.123s] DEBUG:colcon.colcon_core.event_reactor:joined thread
[2.123s] INFO:colcon.colcon_core.shell:Creating prefix script '/home/omer/teknofest_iha_2_gorev/install/local_setup.ps1'
[2.124s] INFO:colcon.colcon_core.shell:Creating prefix util module '/home/omer/teknofest_iha_2_gorev/install/_local_setup_util_ps1.py'
[2.125s] INFO:colcon.colcon_core.shell:Creating prefix chain script '/home/omer/teknofest_iha_2_gorev/install/setup.ps1'
[2.126s] INFO:colcon.colcon_core.shell:Creating prefix script '/home/omer/teknofest_iha_2_gorev/install/local_setup.sh'
[2.129s] INFO:colcon.colcon_core.shell:Creating prefix util module '/home/omer/teknofest_iha_2_gorev/install/_local_setup_util_sh.py'
[2.129s] INFO:colcon.colcon_core.shell:Creating prefix chain script '/home/omer/teknofest_iha_2_gorev/install/setup.sh'
[2.131s] INFO:colcon.colcon_core.shell:Creating prefix script '/home/omer/teknofest_iha_2_gorev/install/local_setup.bash'
[2.132s] INFO:colcon.colcon_core.shell:Creating prefix chain script '/home/omer/teknofest_iha_2_gorev/install/setup.bash'
[2.133s] INFO:colcon.colcon_core.shell:Creating prefix script '/home/omer/teknofest_iha_2_gorev/install/local_setup.zsh'
[2.134s] INFO:colcon.colcon_core.shell:Creating prefix chain script '/home/omer/teknofest_iha_2_gorev/install/setup.zsh'
